---
source: crates/ccusage/tests/pi_cli.rs
expression: "run_cli(&fixture, [])"
---
┌────────────┬───────────────────┬───────────┬───────────┬───────────────┬─────────────┬───────────────┬─────────────┐
│ Week       │ Models            │     Input │    Output │  Cache Create │  Cache Read │  Total Tokens │  Cost (USD) │
├────────────┼───────────────────┼───────────┼───────────┼───────────────┼─────────────┼───────────────┼─────────────┤
│ 2025-12-28 │ - [pi] gpt-5      │       100 │        10 │             3 │          20 │           133 │       $0.25 │
├────────────┼───────────────────┼───────────┼───────────┼───────────────┼─────────────┼───────────────┼─────────────┤
│ 2026-01-04 │ - [pi] gpt-5      │       500 │        50 │            15 │         100 │           665 │       $1.25 │
│            │ - [pi] gpt-5-mini │           │           │               │             │               │             │
├────────────┼───────────────────┼───────────┼───────────┼───────────────┼─────────────┼───────────────┼─────────────┤
│ Total      │                   │       600 │        60 │            18 │         120 │           798 │       $1.50 │
└────────────┴───────────────────┴───────────┴───────────┴───────────────┴─────────────┴───────────────┴─────────────┘
